__JSON_END__
